Archive member included because of file (symbol)

j:/imt/tools/03-imt sdk/03- imt sdk/03- imt sdk/imt_sdk_win_64/winavr/bin/../lib/gcc/avr/4.3.3/avr5\libgcc.a(_udivmodqi4.o)
                              ./APP/RTC.o (__udivmodqi4)
j:/imt/tools/03-imt sdk/03- imt sdk/03- imt sdk/imt_sdk_win_64/winavr/bin/../lib/gcc/avr/4.3.3/avr5\libgcc.a(_udivmodhi4.o)
                              ./HAL/LCD/LCD.o (__udivmodhi4)
j:/imt/tools/03-imt sdk/03- imt sdk/03- imt sdk/imt_sdk_win_64/winavr/bin/../lib/gcc/avr/4.3.3/avr5\libgcc.a(_exit.o)
                              j:/imt/tools/03-imt sdk/03- imt sdk/03- imt sdk/imt_sdk_win_64/winavr/bin/../lib/gcc/avr/4.3.3/../../../../avr/lib/avr5/crtm32.o (exit)
j:/imt/tools/03-imt sdk/03- imt sdk/03- imt sdk/imt_sdk_win_64/winavr/bin/../lib/gcc/avr/4.3.3/avr5\libgcc.a(_copy_data.o)
                              ./HAL/SEVENSEGMENTS/SEVENSEGMENT.o (__do_copy_data)
j:/imt/tools/03-imt sdk/03- imt sdk/03- imt sdk/imt_sdk_win_64/winavr/bin/../lib/gcc/avr/4.3.3/avr5\libgcc.a(_clear_bss.o)
                              ./MCAL/TIM2/TIMER2_program.o (__do_clear_bss)
j:/imt/tools/03-imt sdk/03- imt sdk/03- imt sdk/imt_sdk_win_64/winavr/bin/../lib/gcc/avr/4.3.3/avr5\libgcc.a(_fixunssfsi.o)
                              ./HAL/LCD/LCD.o (__fixunssfsi)
j:/imt/tools/03-imt sdk/03- imt sdk/03- imt sdk/imt_sdk_win_64/winavr/bin/../lib/gcc/avr/4.3.3/avr5\libgcc.a(_addsub_sf.o)
                              j:/imt/tools/03-imt sdk/03- imt sdk/03- imt sdk/imt_sdk_win_64/winavr/bin/../lib/gcc/avr/4.3.3/avr5\libgcc.a(_fixunssfsi.o) (__subsf3)
j:/imt/tools/03-imt sdk/03- imt sdk/03- imt sdk/imt_sdk_win_64/winavr/bin/../lib/gcc/avr/4.3.3/avr5\libgcc.a(_mul_sf.o)
                              ./HAL/LCD/LCD.o (__mulsf3)
j:/imt/tools/03-imt sdk/03- imt sdk/03- imt sdk/imt_sdk_win_64/winavr/bin/../lib/gcc/avr/4.3.3/avr5\libgcc.a(_gt_sf.o)
                              ./HAL/LCD/LCD.o (__gtsf2)
j:/imt/tools/03-imt sdk/03- imt sdk/03- imt sdk/imt_sdk_win_64/winavr/bin/../lib/gcc/avr/4.3.3/avr5\libgcc.a(_ge_sf.o)
                              j:/imt/tools/03-imt sdk/03- imt sdk/03- imt sdk/imt_sdk_win_64/winavr/bin/../lib/gcc/avr/4.3.3/avr5\libgcc.a(_fixunssfsi.o) (__gesf2)
j:/imt/tools/03-imt sdk/03- imt sdk/03- imt sdk/imt_sdk_win_64/winavr/bin/../lib/gcc/avr/4.3.3/avr5\libgcc.a(_lt_sf.o)
                              ./HAL/LCD/LCD.o (__ltsf2)
j:/imt/tools/03-imt sdk/03- imt sdk/03- imt sdk/imt_sdk_win_64/winavr/bin/../lib/gcc/avr/4.3.3/avr5\libgcc.a(_sf_to_si.o)
                              j:/imt/tools/03-imt sdk/03- imt sdk/03- imt sdk/imt_sdk_win_64/winavr/bin/../lib/gcc/avr/4.3.3/avr5\libgcc.a(_fixunssfsi.o) (__fixsfsi)
j:/imt/tools/03-imt sdk/03- imt sdk/03- imt sdk/imt_sdk_win_64/winavr/bin/../lib/gcc/avr/4.3.3/avr5\libgcc.a(_thenan_sf.o)
                              j:/imt/tools/03-imt sdk/03- imt sdk/03- imt sdk/imt_sdk_win_64/winavr/bin/../lib/gcc/avr/4.3.3/avr5\libgcc.a(_addsub_sf.o) (__thenan_sf)
j:/imt/tools/03-imt sdk/03- imt sdk/03- imt sdk/imt_sdk_win_64/winavr/bin/../lib/gcc/avr/4.3.3/avr5\libgcc.a(_prologue.o)
                              j:/imt/tools/03-imt sdk/03- imt sdk/03- imt sdk/imt_sdk_win_64/winavr/bin/../lib/gcc/avr/4.3.3/avr5\libgcc.a(_addsub_sf.o) (__prologue_saves__)
j:/imt/tools/03-imt sdk/03- imt sdk/03- imt sdk/imt_sdk_win_64/winavr/bin/../lib/gcc/avr/4.3.3/avr5\libgcc.a(_epilogue.o)
                              j:/imt/tools/03-imt sdk/03- imt sdk/03- imt sdk/imt_sdk_win_64/winavr/bin/../lib/gcc/avr/4.3.3/avr5\libgcc.a(_addsub_sf.o) (__epilogue_restores__)
j:/imt/tools/03-imt sdk/03- imt sdk/03- imt sdk/imt_sdk_win_64/winavr/bin/../lib/gcc/avr/4.3.3/avr5\libgcc.a(_pack_sf.o)
                              j:/imt/tools/03-imt sdk/03- imt sdk/03- imt sdk/imt_sdk_win_64/winavr/bin/../lib/gcc/avr/4.3.3/avr5\libgcc.a(_addsub_sf.o) (__pack_f)
j:/imt/tools/03-imt sdk/03- imt sdk/03- imt sdk/imt_sdk_win_64/winavr/bin/../lib/gcc/avr/4.3.3/avr5\libgcc.a(_unpack_sf.o)
                              j:/imt/tools/03-imt sdk/03- imt sdk/03- imt sdk/imt_sdk_win_64/winavr/bin/../lib/gcc/avr/4.3.3/avr5\libgcc.a(_addsub_sf.o) (__unpack_f)
j:/imt/tools/03-imt sdk/03- imt sdk/03- imt sdk/imt_sdk_win_64/winavr/bin/../lib/gcc/avr/4.3.3/avr5\libgcc.a(_fpcmp_parts_sf.o)
                              j:/imt/tools/03-imt sdk/03- imt sdk/03- imt sdk/imt_sdk_win_64/winavr/bin/../lib/gcc/avr/4.3.3/avr5\libgcc.a(_gt_sf.o) (__fpcmp_parts_f)

Allocating common symbols
Common symbol       size              file

u8Sec               0x1               ./APP/RTC.o
u8Hrs               0x1               ./APP/RTC.o
TIM2_pfCmpCallBack  0x2               ./MCAL/TIM2/TIMER2_program.o
EXTINT_pfCall       0x2               ./MCAL/EXTI0/EXTINT0.o
TIM0_pfOVFCallBack  0x2               ./MCAL/TIM0/TIMER0_program.o
TIM0_pfCmpCallBack  0x2               ./MCAL/TIM0/TIMER0_program.o
TIM2_pfOVFCallBack  0x2               ./MCAL/TIM2/TIMER2_program.o
u8Mins              0x1               ./APP/RTC.o

Memory Configuration

Name             Origin             Length             Attributes
text             0x00000000         0x00020000         xr
data             0x00800060         0x0000ffa0         rw !x
eeprom           0x00810000         0x00010000         rw !x
fuse             0x00820000         0x00000400         rw !x
lock             0x00830000         0x00000400         rw !x
signature        0x00840000         0x00000400         rw !x
*default*        0x00000000         0xffffffff

Linker script and memory map

LOAD j:/imt/tools/03-imt sdk/03- imt sdk/03- imt sdk/imt_sdk_win_64/winavr/bin/../lib/gcc/avr/4.3.3/../../../../avr/lib/avr5/crtm32.o
LOAD ./MCAL/TIM2/TIMER2_program.o
LOAD ./MCAL/TIM0/TIMER0_program.o
LOAD ./MCAL/GIE/GIE.o
LOAD ./MCAL/EXTI0/EXTINT0.o
LOAD ./MCAL/DIO/DIO_progarm.o
LOAD ./HAL/SEVENSEGMENTS/SEVENSEGMENT.o
LOAD ./HAL/SEVENSEGMENTS/SEVENSEGMENT_cfg.o
LOAD ./HAL/LCD/LCD.o
LOAD ./HAL/LCD/LCD_cfg.o
LOAD ./HAL/KEYPAD/KYEPAD.o
LOAD ./APP/RTC.o
LOAD j:/imt/tools/03-imt sdk/03- imt sdk/03- imt sdk/imt_sdk_win_64/winavr/bin/../lib/gcc/avr/4.3.3/avr5\libgcc.a
LOAD j:/imt/tools/03-imt sdk/03- imt sdk/03- imt sdk/imt_sdk_win_64/winavr/bin/../lib/gcc/avr/4.3.3/../../../../avr/lib/avr5\libc.a
LOAD j:/imt/tools/03-imt sdk/03- imt sdk/03- imt sdk/imt_sdk_win_64/winavr/bin/../lib/gcc/avr/4.3.3/avr5\libgcc.a

.hash
 *(.hash)

.dynsym
 *(.dynsym)

.dynstr
 *(.dynstr)

.gnu.version
 *(.gnu.version)

.gnu.version_d
 *(.gnu.version_d)

.gnu.version_r
 *(.gnu.version_r)

.rel.init
 *(.rel.init)

.rela.init
 *(.rela.init)

.rel.text
 *(.rel.text)
 *(.rel.text.*)
 *(.rel.gnu.linkonce.t*)

.rela.text
 *(.rela.text)
 *(.rela.text.*)
 *(.rela.gnu.linkonce.t*)

.rel.fini
 *(.rel.fini)

.rela.fini
 *(.rela.fini)

.rel.rodata
 *(.rel.rodata)
 *(.rel.rodata.*)
 *(.rel.gnu.linkonce.r*)

.rela.rodata
 *(.rela.rodata)
 *(.rela.rodata.*)
 *(.rela.gnu.linkonce.r*)

.rel.data
 *(.rel.data)
 *(.rel.data.*)
 *(.rel.gnu.linkonce.d*)

.rela.data
 *(.rela.data)
 *(.rela.data.*)
 *(.rela.gnu.linkonce.d*)

.rel.ctors
 *(.rel.ctors)

.rela.ctors
 *(.rela.ctors)

.rel.dtors
 *(.rel.dtors)

.rela.dtors
 *(.rela.dtors)

.rel.got
 *(.rel.got)

.rela.got
 *(.rela.got)

.rel.bss
 *(.rel.bss)

.rela.bss
 *(.rela.bss)

.rel.plt
 *(.rel.plt)

.rela.plt
 *(.rela.plt)

.text           0x00000000     0x449e
 *(.vectors)
 .vectors       0x00000000       0x54 j:/imt/tools/03-imt sdk/03- imt sdk/03- imt sdk/imt_sdk_win_64/winavr/bin/../lib/gcc/avr/4.3.3/../../../../avr/lib/avr5/crtm32.o
                0x00000000                __vectors
                0x00000000                __vector_default
 *(.vectors)
 *(.progmem.gcc*)
 *(.progmem*)
                0x00000054                . = ALIGN (0x2)
                0x00000054                __trampolines_start = .
 *(.trampolines)
 .trampolines   0x00000054        0x0 linker stubs
 *(.trampolines*)
                0x00000054                __trampolines_end = .
 *(.jumptables)
 *(.jumptables*)
 *(.lowtext)
 *(.lowtext*)
                0x00000054                __ctors_start = .
 *(.ctors)
                0x00000054                __ctors_end = .
                0x00000054                __dtors_start = .
 *(.dtors)
                0x00000054                __dtors_end = .
 SORT(*)(.ctors)
 SORT(*)(.dtors)
 *(.init0)
 .init0         0x00000054        0x0 j:/imt/tools/03-imt sdk/03- imt sdk/03- imt sdk/imt_sdk_win_64/winavr/bin/../lib/gcc/avr/4.3.3/../../../../avr/lib/avr5/crtm32.o
                0x00000054                __init
 *(.init0)
 *(.init1)
 *(.init1)
 *(.init2)
 .init2         0x00000054        0xc j:/imt/tools/03-imt sdk/03- imt sdk/03- imt sdk/imt_sdk_win_64/winavr/bin/../lib/gcc/avr/4.3.3/../../../../avr/lib/avr5/crtm32.o
 *(.init2)
 *(.init3)
 *(.init3)
 *(.init4)
 .init4         0x00000060       0x16 j:/imt/tools/03-imt sdk/03- imt sdk/03- imt sdk/imt_sdk_win_64/winavr/bin/../lib/gcc/avr/4.3.3/avr5\libgcc.a(_copy_data.o)
                0x00000060                __do_copy_data
 .init4         0x00000076       0x10 j:/imt/tools/03-imt sdk/03- imt sdk/03- imt sdk/imt_sdk_win_64/winavr/bin/../lib/gcc/avr/4.3.3/avr5\libgcc.a(_clear_bss.o)
                0x00000076                __do_clear_bss
 *(.init4)
 *(.init5)
 *(.init5)
 *(.init6)
 *(.init6)
 *(.init7)
 *(.init7)
 *(.init8)
 *(.init8)
 *(.init9)
 .init9         0x00000086        0x8 j:/imt/tools/03-imt sdk/03- imt sdk/03- imt sdk/imt_sdk_win_64/winavr/bin/../lib/gcc/avr/4.3.3/../../../../avr/lib/avr5/crtm32.o
 *(.init9)
 *(.text)
 .text          0x0000008e        0x4 j:/imt/tools/03-imt sdk/03- imt sdk/03- imt sdk/imt_sdk_win_64/winavr/bin/../lib/gcc/avr/4.3.3/../../../../avr/lib/avr5/crtm32.o
                0x0000008e                __vector_12
                0x0000008e                __bad_interrupt
                0x0000008e                __vector_6
                0x0000008e                __vector_3
                0x0000008e                __vector_13
                0x0000008e                __vector_17
                0x0000008e                __vector_19
                0x0000008e                __vector_7
                0x0000008e                __vector_9
                0x0000008e                __vector_2
                0x0000008e                __vector_15
                0x0000008e                __vector_8
                0x0000008e                __vector_14
                0x0000008e                __vector_16
                0x0000008e                __vector_18
                0x0000008e                __vector_20
 .text          0x00000092        0x0 ./MCAL/TIM2/TIMER2_program.o
 .text          0x00000092        0x0 ./MCAL/TIM0/TIMER0_program.o
 .text          0x00000092        0x0 ./MCAL/GIE/GIE.o
 .text          0x00000092        0x0 ./MCAL/EXTI0/EXTINT0.o
 .text          0x00000092        0x0 ./MCAL/DIO/DIO_progarm.o
 .text          0x00000092        0x0 ./HAL/SEVENSEGMENTS/SEVENSEGMENT.o
 .text          0x00000092        0x0 ./HAL/SEVENSEGMENTS/SEVENSEGMENT_cfg.o
 .text          0x00000092        0x0 ./HAL/LCD/LCD.o
 .text          0x00000092        0x0 ./HAL/LCD/LCD_cfg.o
 .text          0x00000092        0x0 ./HAL/KEYPAD/KYEPAD.o
 .text          0x00000092        0x0 ./APP/RTC.o
 .text          0x00000092        0x0 j:/imt/tools/03-imt sdk/03- imt sdk/03- imt sdk/imt_sdk_win_64/winavr/bin/../lib/gcc/avr/4.3.3/avr5\libgcc.a(_udivmodqi4.o)
 .text          0x00000092        0x0 j:/imt/tools/03-imt sdk/03- imt sdk/03- imt sdk/imt_sdk_win_64/winavr/bin/../lib/gcc/avr/4.3.3/avr5\libgcc.a(_udivmodhi4.o)
 .text          0x00000092        0x0 j:/imt/tools/03-imt sdk/03- imt sdk/03- imt sdk/imt_sdk_win_64/winavr/bin/../lib/gcc/avr/4.3.3/avr5\libgcc.a(_exit.o)
 .text          0x00000092        0x0 j:/imt/tools/03-imt sdk/03- imt sdk/03- imt sdk/imt_sdk_win_64/winavr/bin/../lib/gcc/avr/4.3.3/avr5\libgcc.a(_copy_data.o)
 .text          0x00000092        0x0 j:/imt/tools/03-imt sdk/03- imt sdk/03- imt sdk/imt_sdk_win_64/winavr/bin/../lib/gcc/avr/4.3.3/avr5\libgcc.a(_clear_bss.o)
 .text          0x00000092       0x58 j:/imt/tools/03-imt sdk/03- imt sdk/03- imt sdk/imt_sdk_win_64/winavr/bin/../lib/gcc/avr/4.3.3/avr5\libgcc.a(_fixunssfsi.o)
                0x00000092                __fixunssfsi
 .text          0x000000ea      0x354 j:/imt/tools/03-imt sdk/03- imt sdk/03- imt sdk/imt_sdk_win_64/winavr/bin/../lib/gcc/avr/4.3.3/avr5\libgcc.a(_addsub_sf.o)
                0x00000382                __subsf3
                0x000003e4                __addsf3
 .text          0x0000043e      0x1f4 j:/imt/tools/03-imt sdk/03- imt sdk/03- imt sdk/imt_sdk_win_64/winavr/bin/../lib/gcc/avr/4.3.3/avr5\libgcc.a(_mul_sf.o)
                0x0000043e                __mulsf3
 .text          0x00000632       0x60 j:/imt/tools/03-imt sdk/03- imt sdk/03- imt sdk/imt_sdk_win_64/winavr/bin/../lib/gcc/avr/4.3.3/avr5\libgcc.a(_gt_sf.o)
                0x00000632                __gtsf2
 .text          0x00000692       0x60 j:/imt/tools/03-imt sdk/03- imt sdk/03- imt sdk/imt_sdk_win_64/winavr/bin/../lib/gcc/avr/4.3.3/avr5\libgcc.a(_ge_sf.o)
                0x00000692                __gesf2
 .text          0x000006f2       0x60 j:/imt/tools/03-imt sdk/03- imt sdk/03- imt sdk/imt_sdk_win_64/winavr/bin/../lib/gcc/avr/4.3.3/avr5\libgcc.a(_lt_sf.o)
                0x000006f2                __ltsf2
 .text          0x00000752       0xa8 j:/imt/tools/03-imt sdk/03- imt sdk/03- imt sdk/imt_sdk_win_64/winavr/bin/../lib/gcc/avr/4.3.3/avr5\libgcc.a(_sf_to_si.o)
                0x00000752                __fixsfsi
 .text          0x000007fa        0x0 j:/imt/tools/03-imt sdk/03- imt sdk/03- imt sdk/imt_sdk_win_64/winavr/bin/../lib/gcc/avr/4.3.3/avr5\libgcc.a(_thenan_sf.o)
 .text          0x000007fa        0x0 j:/imt/tools/03-imt sdk/03- imt sdk/03- imt sdk/imt_sdk_win_64/winavr/bin/../lib/gcc/avr/4.3.3/avr5\libgcc.a(_prologue.o)
 .text          0x000007fa        0x0 j:/imt/tools/03-imt sdk/03- imt sdk/03- imt sdk/imt_sdk_win_64/winavr/bin/../lib/gcc/avr/4.3.3/avr5\libgcc.a(_epilogue.o)
 .text          0x000007fa      0x1aa j:/imt/tools/03-imt sdk/03- imt sdk/03- imt sdk/imt_sdk_win_64/winavr/bin/../lib/gcc/avr/4.3.3/avr5\libgcc.a(_pack_sf.o)
                0x000007fa                __pack_f
 .text          0x000009a4       0xf0 j:/imt/tools/03-imt sdk/03- imt sdk/03- imt sdk/imt_sdk_win_64/winavr/bin/../lib/gcc/avr/4.3.3/avr5\libgcc.a(_unpack_sf.o)
                0x000009a4                __unpack_f
 .text          0x00000a94       0xb2 j:/imt/tools/03-imt sdk/03- imt sdk/03- imt sdk/imt_sdk_win_64/winavr/bin/../lib/gcc/avr/4.3.3/avr5\libgcc.a(_fpcmp_parts_sf.o)
                0x00000a94                __fpcmp_parts_f
                0x00000b46                . = ALIGN (0x2)
 *(.text.*)
 .text.TIM2_voidInit
                0x00000b46       0x46 ./MCAL/TIM2/TIMER2_program.o
                0x00000b46                TIM2_voidInit
 .text.TIM2_voidEnable
                0x00000b8c       0x36 ./MCAL/TIM2/TIMER2_program.o
                0x00000b8c                TIM2_voidEnable
 .text.TIM2_voidDisable
                0x00000bc2       0x1c ./MCAL/TIM2/TIMER2_program.o
                0x00000bc2                TIM2_voidDisable
 .text.TIM2_voidEnableOvfINt
                0x00000bde       0x1c ./MCAL/TIM2/TIMER2_program.o
                0x00000bde                TIM2_voidEnableOvfINt
 .text.TIM2_voidDisableOvfINt
                0x00000bfa       0x1c ./MCAL/TIM2/TIMER2_program.o
                0x00000bfa                TIM2_voidDisableOvfINt
 .text.TIM2_voidEnableComparINt
                0x00000c16       0x1c ./MCAL/TIM2/TIMER2_program.o
                0x00000c16                TIM2_voidEnableComparINt
 .text.TIM2_voidDisableCompareINt
                0x00000c32       0x1c ./MCAL/TIM2/TIMER2_program.o
                0x00000c32                TIM2_voidDisableCompareINt
 .text.TIM2_voidSetCallBackOvfInt
                0x00000c4e       0x24 ./MCAL/TIM2/TIMER2_program.o
                0x00000c4e                TIM2_voidSetCallBackOvfInt
 .text.TIM2_voidSetCallBackCompareInt
                0x00000c72       0x24 ./MCAL/TIM2/TIMER2_program.o
                0x00000c72                TIM2_voidSetCallBackCompareInt
 .text.TIM2_voidSetTCNTValue
                0x00000c96       0x1c ./MCAL/TIM2/TIMER2_program.o
                0x00000c96                TIM2_voidSetTCNTValue
 .text.TIM2_voidSetOCRValue
                0x00000cb2       0x1c ./MCAL/TIM2/TIMER2_program.o
                0x00000cb2                TIM2_voidSetOCRValue
 .text.TIM2_u8ReadTcntReg
                0x00000cce       0x14 ./MCAL/TIM2/TIMER2_program.o
                0x00000cce                TIM2_u8ReadTcntReg
 .text.TIM2_voidExtClkEnable
                0x00000ce2       0x1c ./MCAL/TIM2/TIMER2_program.o
                0x00000ce2                TIM2_voidExtClkEnable
 .text.TIM2_voidExtClkDisable
                0x00000cfe       0x1c ./MCAL/TIM2/TIMER2_program.o
                0x00000cfe                TIM2_voidExtClkDisable
 .text.TIM2_voidChangMode
                0x00000d1a       0x14 ./MCAL/TIM2/TIMER2_program.o
                0x00000d1a                TIM2_voidChangMode
 .text.__vector_5
                0x00000d2e       0x5a ./MCAL/TIM2/TIMER2_program.o
                0x00000d2e                __vector_5
 .text.__vector_4
                0x00000d88       0x5a ./MCAL/TIM2/TIMER2_program.o
                0x00000d88                __vector_4
 .text.TIM0_voidInit
                0x00000de2       0x46 ./MCAL/TIM0/TIMER0_program.o
                0x00000de2                TIM0_voidInit
 .text.TIM0_voidEnable
                0x00000e28       0x36 ./MCAL/TIM0/TIMER0_program.o
                0x00000e28                TIM0_voidEnable
 .text.TIM0_voidDisable
                0x00000e5e       0x1c ./MCAL/TIM0/TIMER0_program.o
                0x00000e5e                TIM0_voidDisable
 .text.TIM0_voidEnableOvfINt
                0x00000e7a       0x1c ./MCAL/TIM0/TIMER0_program.o
                0x00000e7a                TIM0_voidEnableOvfINt
 .text.TIM0_voidDisableOvfINt
                0x00000e96       0x1c ./MCAL/TIM0/TIMER0_program.o
                0x00000e96                TIM0_voidDisableOvfINt
 .text.TIM0_voidEnableComparINt
                0x00000eb2       0x1c ./MCAL/TIM0/TIMER0_program.o
                0x00000eb2                TIM0_voidEnableComparINt
 .text.TIM0_voidDisableCompareINt
                0x00000ece       0x1c ./MCAL/TIM0/TIMER0_program.o
                0x00000ece                TIM0_voidDisableCompareINt
 .text.TIM0_voidSetCallBackOvfInt
                0x00000eea       0x24 ./MCAL/TIM0/TIMER0_program.o
                0x00000eea                TIM0_voidSetCallBackOvfInt
 .text.TIM0_voidSetCallBackCompareInt
                0x00000f0e       0x24 ./MCAL/TIM0/TIMER0_program.o
                0x00000f0e                TIM0_voidSetCallBackCompareInt
 .text.TIM0_voidSetTCNTValue
                0x00000f32       0x1c ./MCAL/TIM0/TIMER0_program.o
                0x00000f32                TIM0_voidSetTCNTValue
 .text.TIM0_voidSetOCRValue
                0x00000f4e       0x1c ./MCAL/TIM0/TIMER0_program.o
                0x00000f4e                TIM0_voidSetOCRValue
 .text.TIM0_u8ReadTcntReg
                0x00000f6a       0x14 ./MCAL/TIM0/TIMER0_program.o
                0x00000f6a                TIM0_u8ReadTcntReg
 .text.TIM0_voidChangMode
                0x00000f7e       0x14 ./MCAL/TIM0/TIMER0_program.o
                0x00000f7e                TIM0_voidChangMode
 .text.__vector_11
                0x00000f92       0x5a ./MCAL/TIM0/TIMER0_program.o
                0x00000f92                __vector_11
 .text.__vector_10
                0x00000fec       0x5a ./MCAL/TIM0/TIMER0_program.o
                0x00000fec                __vector_10
 .text.GIE_voidEnable
                0x00001046       0x1c ./MCAL/GIE/GIE.o
                0x00001046                GIE_voidEnable
 .text.GIE_voidDisable
                0x00001062       0x1c ./MCAL/GIE/GIE.o
                0x00001062                GIE_voidDisable
 .text.EXTINT0_voidEnable
                0x0000107e       0x1c ./MCAL/EXTI0/EXTINT0.o
                0x0000107e                EXTINT0_voidEnable
 .text.EXTINT0_voidDisable
                0x0000109a       0x1c ./MCAL/EXTI0/EXTINT0.o
                0x0000109a                EXTINT0_voidDisable
 .text.EXTINT0_voidInit
                0x000010b6       0x2a ./MCAL/EXTI0/EXTINT0.o
                0x000010b6                EXTINT0_voidInit
 .text.EXTINT0_voidChangeSense
                0x000010e0       0xec ./MCAL/EXTI0/EXTINT0.o
                0x000010e0                EXTINT0_voidChangeSense
 .text.EXTINT0_voidSEtCallBack
                0x000011cc       0x24 ./MCAL/EXTI0/EXTINT0.o
                0x000011cc                EXTINT0_voidSEtCallBack
 .text.__vector_1
                0x000011f0       0x5a ./MCAL/EXTI0/EXTINT0.o
                0x000011f0                __vector_1
 .text.DIO_voidInit
                0x0000124a       0x2e ./MCAL/DIO/DIO_progarm.o
                0x0000124a                DIO_voidInit
 .text.DIO_enuWritePin
                0x00001278      0x25c ./MCAL/DIO/DIO_progarm.o
                0x00001278                DIO_enuWritePin
 .text.DIO_enuReadPin
                0x000014d4      0x10e ./MCAL/DIO/DIO_progarm.o
                0x000014d4                DIO_enuReadPin
 .text.DIO_enuStatePullup
                0x000015e2       0x20 ./MCAL/DIO/DIO_progarm.o
                0x000015e2                DIO_enuStatePullup
 .text.DIO_enuWriteGroup
                0x00001602       0x7c ./MCAL/DIO/DIO_progarm.o
                0x00001602                DIO_enuWriteGroup
 .text.SEV_enuDisplay
                0x0000167e      0x104 ./HAL/SEVENSEGMENTS/SEVENSEGMENT.o
                0x0000167e                SEV_enuDisplay
 .text.SEV_HexToBin
                0x00001782       0x94 ./HAL/SEVENSEGMENTS/SEVENSEGMENT.o
 .text.SEV_enuEnable
                0x00001816       0xc4 ./HAL/SEVENSEGMENTS/SEVENSEGMENT.o
                0x00001816                SEV_enuEnable
 .text.SEV_enuDisable
                0x000018da       0xc4 ./HAL/SEVENSEGMENTS/SEVENSEGMENT.o
                0x000018da                SEV_enuDisable
 .text.LCD_voidInit
                0x0000199e     0x1090 ./HAL/LCD/LCD.o
                0x0000199e                LCD_voidInit
 .text.voidWriteCmd
                0x00002a2e       0x46 ./HAL/LCD/LCD.o
 .text.LCDHelp  0x00002a74      0x354 ./HAL/LCD/LCD.o
 .text.LCD_voidSendChar
                0x00002dc8      0x346 ./HAL/LCD/LCD.o
                0x00002dc8                LCD_voidSendChar
 .text.LCD_voidSendCommand
                0x0000310e      0x320 ./HAL/LCD/LCD.o
                0x0000310e                LCD_voidSendCommand
 .text.LCD_voidSendString
                0x0000342e       0x5a ./HAL/LCD/LCD.o
                0x0000342e                LCD_voidSendString
 .text.LCD_voidClrScr
                0x00003488       0x1c ./HAL/LCD/LCD.o
                0x00003488                LCD_voidClrScr
 .text.LCD_voidSendNumber
                0x000034a4       0xac ./HAL/LCD/LCD.o
                0x000034a4                LCD_voidSendNumber
 .text.LCD_voidMoveCourser
                0x00003550       0x42 ./HAL/LCD/LCD.o
                0x00003550                LCD_voidMoveCourser
 .text.KPD_voidInit
                0x00003592       0x4e ./HAL/KEYPAD/KYEPAD.o
                0x00003592                KPD_voidInit
 .text.KPD_u8GetPressedKey
                0x000035e0      0x108 ./HAL/KEYPAD/KYEPAD.o
                0x000035e0                KPD_u8GetPressedKey
 .text.main     0x000036e8      0x13e ./APP/RTC.o
                0x000036e8                main
 .text.PressedKey
                0x00003826       0x26 ./APP/RTC.o
                0x00003826                PressedKey
 .text.SetTime  0x0000384c      0x416 ./APP/RTC.o
                0x0000384c                SetTime
 .text.Clock    0x00003c62       0x56 ./APP/RTC.o
                0x00003c62                Clock
 .text.SendTime
                0x00003cb8      0x734 ./APP/RTC.o
                0x00003cb8                SendTime
 .text.libgcc   0x000043ec       0x18 j:/imt/tools/03-imt sdk/03- imt sdk/03- imt sdk/imt_sdk_win_64/winavr/bin/../lib/gcc/avr/4.3.3/avr5\libgcc.a(_udivmodqi4.o)
                0x000043ec                __udivmodqi4
 .text.libgcc   0x00004404       0x28 j:/imt/tools/03-imt sdk/03- imt sdk/03- imt sdk/imt_sdk_win_64/winavr/bin/../lib/gcc/avr/4.3.3/avr5\libgcc.a(_udivmodhi4.o)
                0x00004404                __udivmodhi4
 .text.libgcc   0x0000442c        0x0 j:/imt/tools/03-imt sdk/03- imt sdk/03- imt sdk/imt_sdk_win_64/winavr/bin/../lib/gcc/avr/4.3.3/avr5\libgcc.a(_exit.o)
 .text.libgcc   0x0000442c        0x0 j:/imt/tools/03-imt sdk/03- imt sdk/03- imt sdk/imt_sdk_win_64/winavr/bin/../lib/gcc/avr/4.3.3/avr5\libgcc.a(_copy_data.o)
 .text.libgcc   0x0000442c        0x0 j:/imt/tools/03-imt sdk/03- imt sdk/03- imt sdk/imt_sdk_win_64/winavr/bin/../lib/gcc/avr/4.3.3/avr5\libgcc.a(_clear_bss.o)
 .text.libgcc   0x0000442c       0x38 j:/imt/tools/03-imt sdk/03- imt sdk/03- imt sdk/imt_sdk_win_64/winavr/bin/../lib/gcc/avr/4.3.3/avr5\libgcc.a(_prologue.o)
                0x0000442c                __prologue_saves__
 .text.libgcc   0x00004464       0x36 j:/imt/tools/03-imt sdk/03- imt sdk/03- imt sdk/imt_sdk_win_64/winavr/bin/../lib/gcc/avr/4.3.3/avr5\libgcc.a(_epilogue.o)
                0x00004464                __epilogue_restores__
                0x0000449a                . = ALIGN (0x2)
 *(.fini9)
 .fini9         0x0000449a        0x0 j:/imt/tools/03-imt sdk/03- imt sdk/03- imt sdk/imt_sdk_win_64/winavr/bin/../lib/gcc/avr/4.3.3/avr5\libgcc.a(_exit.o)
                0x0000449a                exit
                0x0000449a                _exit
 *(.fini9)
 *(.fini8)
 *(.fini8)
 *(.fini7)
 *(.fini7)
 *(.fini6)
 *(.fini6)
 *(.fini5)
 *(.fini5)
 *(.fini4)
 *(.fini4)
 *(.fini3)
 *(.fini3)
 *(.fini2)
 *(.fini2)
 *(.fini1)
 *(.fini1)
 *(.fini0)
 .fini0         0x0000449a        0x4 j:/imt/tools/03-imt sdk/03- imt sdk/03- imt sdk/imt_sdk_win_64/winavr/bin/../lib/gcc/avr/4.3.3/avr5\libgcc.a(_exit.o)
 *(.fini0)
                0x0000449e                _etext = .

.data           0x00800060       0xa4 load address 0x0000449e
                0x00800060                PROVIDE (__data_start, .)
 *(.data)
 .data          0x00800060        0x0 j:/imt/tools/03-imt sdk/03- imt sdk/03- imt sdk/imt_sdk_win_64/winavr/bin/../lib/gcc/avr/4.3.3/../../../../avr/lib/avr5/crtm32.o
 .data          0x00800060        0x0 ./MCAL/TIM2/TIMER2_program.o
 .data          0x00800060        0x0 ./MCAL/TIM0/TIMER0_program.o
 .data          0x00800060        0x0 ./MCAL/GIE/GIE.o
 .data          0x00800060        0x0 ./MCAL/EXTI0/EXTINT0.o
 .data          0x00800060        0x0 ./MCAL/DIO/DIO_progarm.o
 .data          0x00800060        0x0 ./HAL/SEVENSEGMENTS/SEVENSEGMENT.o
 .data          0x00800060        0x0 ./HAL/SEVENSEGMENTS/SEVENSEGMENT_cfg.o
 .data          0x00800060        0x0 ./HAL/LCD/LCD.o
 .data          0x00800060        0x0 ./HAL/LCD/LCD_cfg.o
 .data          0x00800060        0x0 ./HAL/KEYPAD/KYEPAD.o
 .data          0x00800060       0x37 ./APP/RTC.o
 .data          0x00800097        0x0 j:/imt/tools/03-imt sdk/03- imt sdk/03- imt sdk/imt_sdk_win_64/winavr/bin/../lib/gcc/avr/4.3.3/avr5\libgcc.a(_udivmodqi4.o)
 .data          0x00800097        0x0 j:/imt/tools/03-imt sdk/03- imt sdk/03- imt sdk/imt_sdk_win_64/winavr/bin/../lib/gcc/avr/4.3.3/avr5\libgcc.a(_udivmodhi4.o)
 .data          0x00800097        0x0 j:/imt/tools/03-imt sdk/03- imt sdk/03- imt sdk/imt_sdk_win_64/winavr/bin/../lib/gcc/avr/4.3.3/avr5\libgcc.a(_exit.o)
 .data          0x00800097        0x0 j:/imt/tools/03-imt sdk/03- imt sdk/03- imt sdk/imt_sdk_win_64/winavr/bin/../lib/gcc/avr/4.3.3/avr5\libgcc.a(_copy_data.o)
 .data          0x00800097        0x0 j:/imt/tools/03-imt sdk/03- imt sdk/03- imt sdk/imt_sdk_win_64/winavr/bin/../lib/gcc/avr/4.3.3/avr5\libgcc.a(_clear_bss.o)
 .data          0x00800097        0x0 j:/imt/tools/03-imt sdk/03- imt sdk/03- imt sdk/imt_sdk_win_64/winavr/bin/../lib/gcc/avr/4.3.3/avr5\libgcc.a(_fixunssfsi.o)
 .data          0x00800097        0x0 j:/imt/tools/03-imt sdk/03- imt sdk/03- imt sdk/imt_sdk_win_64/winavr/bin/../lib/gcc/avr/4.3.3/avr5\libgcc.a(_addsub_sf.o)
 .data          0x00800097        0x0 j:/imt/tools/03-imt sdk/03- imt sdk/03- imt sdk/imt_sdk_win_64/winavr/bin/../lib/gcc/avr/4.3.3/avr5\libgcc.a(_mul_sf.o)
 .data          0x00800097        0x0 j:/imt/tools/03-imt sdk/03- imt sdk/03- imt sdk/imt_sdk_win_64/winavr/bin/../lib/gcc/avr/4.3.3/avr5\libgcc.a(_gt_sf.o)
 .data          0x00800097        0x0 j:/imt/tools/03-imt sdk/03- imt sdk/03- imt sdk/imt_sdk_win_64/winavr/bin/../lib/gcc/avr/4.3.3/avr5\libgcc.a(_ge_sf.o)
 .data          0x00800097        0x0 j:/imt/tools/03-imt sdk/03- imt sdk/03- imt sdk/imt_sdk_win_64/winavr/bin/../lib/gcc/avr/4.3.3/avr5\libgcc.a(_lt_sf.o)
 .data          0x00800097        0x0 j:/imt/tools/03-imt sdk/03- imt sdk/03- imt sdk/imt_sdk_win_64/winavr/bin/../lib/gcc/avr/4.3.3/avr5\libgcc.a(_sf_to_si.o)
 .data          0x00800097        0x8 j:/imt/tools/03-imt sdk/03- imt sdk/03- imt sdk/imt_sdk_win_64/winavr/bin/../lib/gcc/avr/4.3.3/avr5\libgcc.a(_thenan_sf.o)
                0x00800097                __thenan_sf
 .data          0x0080009f        0x0 j:/imt/tools/03-imt sdk/03- imt sdk/03- imt sdk/imt_sdk_win_64/winavr/bin/../lib/gcc/avr/4.3.3/avr5\libgcc.a(_prologue.o)
 .data          0x0080009f        0x0 j:/imt/tools/03-imt sdk/03- imt sdk/03- imt sdk/imt_sdk_win_64/winavr/bin/../lib/gcc/avr/4.3.3/avr5\libgcc.a(_epilogue.o)
 .data          0x0080009f        0x0 j:/imt/tools/03-imt sdk/03- imt sdk/03- imt sdk/imt_sdk_win_64/winavr/bin/../lib/gcc/avr/4.3.3/avr5\libgcc.a(_pack_sf.o)
 .data          0x0080009f        0x0 j:/imt/tools/03-imt sdk/03- imt sdk/03- imt sdk/imt_sdk_win_64/winavr/bin/../lib/gcc/avr/4.3.3/avr5\libgcc.a(_unpack_sf.o)
 .data          0x0080009f        0x0 j:/imt/tools/03-imt sdk/03- imt sdk/03- imt sdk/imt_sdk_win_64/winavr/bin/../lib/gcc/avr/4.3.3/avr5\libgcc.a(_fpcmp_parts_sf.o)
 *(.data*)
 .data.SEV_ConfigSet
                0x0080009f       0x36 ./HAL/SEVENSEGMENTS/SEVENSEGMENT_cfg.o
                0x0080009f                SEV_ConfigSet
 .data.lcdarr   0x008000d5        0xc ./HAL/LCD/LCD_cfg.o
                0x008000d5                lcdarr
 .data.au8KpdArrLoc.1226
                0x008000e1       0x10 ./HAL/KEYPAD/KYEPAD.o
 .data.u8KpdRowArr.1221
                0x008000f1        0x4 ./HAL/KEYPAD/KYEPAD.o
 .data.u8KpdColArr.1220
                0x008000f5        0x4 ./HAL/KEYPAD/KYEPAD.o
 .data.u8PressedKey
                0x008000f9        0x1 ./APP/RTC.o
                0x008000f9                u8PressedKey
 *(.rodata)
 *(.rodata*)
 .rodata.C.0.1232
                0x008000fa        0xa ./HAL/SEVENSEGMENTS/SEVENSEGMENT.o
 *(.gnu.linkonce.d*)
                0x00800104                . = ALIGN (0x2)
                0x00800104                _edata = .
                0x00800104                PROVIDE (__data_end, .)

.bss            0x00800104       0x10
                0x00800104                PROVIDE (__bss_start, .)
 *(.bss)
 .bss           0x00800104        0x0 j:/imt/tools/03-imt sdk/03- imt sdk/03- imt sdk/imt_sdk_win_64/winavr/bin/../lib/gcc/avr/4.3.3/../../../../avr/lib/avr5/crtm32.o
 .bss           0x00800104        0x0 ./MCAL/TIM2/TIMER2_program.o
 .bss           0x00800104        0x0 ./MCAL/TIM0/TIMER0_program.o
 .bss           0x00800104        0x0 ./MCAL/GIE/GIE.o
 .bss           0x00800104        0x0 ./MCAL/EXTI0/EXTINT0.o
 .bss           0x00800104        0x0 ./MCAL/DIO/DIO_progarm.o
 .bss           0x00800104        0x0 ./HAL/SEVENSEGMENTS/SEVENSEGMENT.o
 .bss           0x00800104        0x0 ./HAL/SEVENSEGMENTS/SEVENSEGMENT_cfg.o
 .bss           0x00800104        0x0 ./HAL/LCD/LCD.o
 .bss           0x00800104        0x0 ./HAL/LCD/LCD_cfg.o
 .bss           0x00800104        0x0 ./HAL/KEYPAD/KYEPAD.o
 .bss           0x00800104        0x0 ./APP/RTC.o
 .bss           0x00800104        0x0 j:/imt/tools/03-imt sdk/03- imt sdk/03- imt sdk/imt_sdk_win_64/winavr/bin/../lib/gcc/avr/4.3.3/avr5\libgcc.a(_udivmodqi4.o)
 .bss           0x00800104        0x0 j:/imt/tools/03-imt sdk/03- imt sdk/03- imt sdk/imt_sdk_win_64/winavr/bin/../lib/gcc/avr/4.3.3/avr5\libgcc.a(_udivmodhi4.o)
 .bss           0x00800104        0x0 j:/imt/tools/03-imt sdk/03- imt sdk/03- imt sdk/imt_sdk_win_64/winavr/bin/../lib/gcc/avr/4.3.3/avr5\libgcc.a(_exit.o)
 .bss           0x00800104        0x0 j:/imt/tools/03-imt sdk/03- imt sdk/03- imt sdk/imt_sdk_win_64/winavr/bin/../lib/gcc/avr/4.3.3/avr5\libgcc.a(_copy_data.o)
 .bss           0x00800104        0x0 j:/imt/tools/03-imt sdk/03- imt sdk/03- imt sdk/imt_sdk_win_64/winavr/bin/../lib/gcc/avr/4.3.3/avr5\libgcc.a(_clear_bss.o)
 .bss           0x00800104        0x0 j:/imt/tools/03-imt sdk/03- imt sdk/03- imt sdk/imt_sdk_win_64/winavr/bin/../lib/gcc/avr/4.3.3/avr5\libgcc.a(_fixunssfsi.o)
 .bss           0x00800104        0x0 j:/imt/tools/03-imt sdk/03- imt sdk/03- imt sdk/imt_sdk_win_64/winavr/bin/../lib/gcc/avr/4.3.3/avr5\libgcc.a(_addsub_sf.o)
 .bss           0x00800104        0x0 j:/imt/tools/03-imt sdk/03- imt sdk/03- imt sdk/imt_sdk_win_64/winavr/bin/../lib/gcc/avr/4.3.3/avr5\libgcc.a(_mul_sf.o)
 .bss           0x00800104        0x0 j:/imt/tools/03-imt sdk/03- imt sdk/03- imt sdk/imt_sdk_win_64/winavr/bin/../lib/gcc/avr/4.3.3/avr5\libgcc.a(_gt_sf.o)
 .bss           0x00800104        0x0 j:/imt/tools/03-imt sdk/03- imt sdk/03- imt sdk/imt_sdk_win_64/winavr/bin/../lib/gcc/avr/4.3.3/avr5\libgcc.a(_ge_sf.o)
 .bss           0x00800104        0x0 j:/imt/tools/03-imt sdk/03- imt sdk/03- imt sdk/imt_sdk_win_64/winavr/bin/../lib/gcc/avr/4.3.3/avr5\libgcc.a(_lt_sf.o)
 .bss           0x00800104        0x0 j:/imt/tools/03-imt sdk/03- imt sdk/03- imt sdk/imt_sdk_win_64/winavr/bin/../lib/gcc/avr/4.3.3/avr5\libgcc.a(_sf_to_si.o)
 .bss           0x00800104        0x0 j:/imt/tools/03-imt sdk/03- imt sdk/03- imt sdk/imt_sdk_win_64/winavr/bin/../lib/gcc/avr/4.3.3/avr5\libgcc.a(_thenan_sf.o)
 .bss           0x00800104        0x0 j:/imt/tools/03-imt sdk/03- imt sdk/03- imt sdk/imt_sdk_win_64/winavr/bin/../lib/gcc/avr/4.3.3/avr5\libgcc.a(_prologue.o)
 .bss           0x00800104        0x0 j:/imt/tools/03-imt sdk/03- imt sdk/03- imt sdk/imt_sdk_win_64/winavr/bin/../lib/gcc/avr/4.3.3/avr5\libgcc.a(_epilogue.o)
 .bss           0x00800104        0x0 j:/imt/tools/03-imt sdk/03- imt sdk/03- imt sdk/imt_sdk_win_64/winavr/bin/../lib/gcc/avr/4.3.3/avr5\libgcc.a(_pack_sf.o)
 .bss           0x00800104        0x0 j:/imt/tools/03-imt sdk/03- imt sdk/03- imt sdk/imt_sdk_win_64/winavr/bin/../lib/gcc/avr/4.3.3/avr5\libgcc.a(_unpack_sf.o)
 .bss           0x00800104        0x0 j:/imt/tools/03-imt sdk/03- imt sdk/03- imt sdk/imt_sdk_win_64/winavr/bin/../lib/gcc/avr/4.3.3/avr5\libgcc.a(_fpcmp_parts_sf.o)
 *(.bss*)
 .bss.u8KpdPinState.1224
                0x00800104        0x1 ./HAL/KEYPAD/KYEPAD.o
 .bss.u8KpdRowIdx.1223
                0x00800105        0x1 ./HAL/KEYPAD/KYEPAD.o
 .bss.u8KpdColIdx.1222
                0x00800106        0x1 ./HAL/KEYPAD/KYEPAD.o
 *(COMMON)
 COMMON         0x00800107        0x4 ./MCAL/TIM2/TIMER2_program.o
                0x00800107                TIM2_pfCmpCallBack
                0x00800109                TIM2_pfOVFCallBack
 COMMON         0x0080010b        0x4 ./MCAL/TIM0/TIMER0_program.o
                0x0080010b                TIM0_pfOVFCallBack
                0x0080010d                TIM0_pfCmpCallBack
 COMMON         0x0080010f        0x2 ./MCAL/EXTI0/EXTINT0.o
                0x0080010f                EXTINT_pfCall
 COMMON         0x00800111        0x3 ./APP/RTC.o
                0x00800111                u8Sec
                0x00800112                u8Hrs
                0x00800113                u8Mins
                0x00800114                PROVIDE (__bss_end, .)
                0x0000449e                __data_load_start = LOADADDR (.data)
                0x00004542                __data_load_end = (__data_load_start + SIZEOF (.data))

.noinit         0x00800114        0x0
                0x00800114                PROVIDE (__noinit_start, .)
 *(.noinit*)
                0x00800114                PROVIDE (__noinit_end, .)
                0x00800114                _end = .
                0x00800114                PROVIDE (__heap_start, .)

.eeprom         0x00810000        0x0
 *(.eeprom*)
                0x00810000                __eeprom_end = .

.fuse
 *(.fuse)
 *(.lfuse)
 *(.hfuse)
 *(.efuse)

.lock
 *(.lock*)

.signature
 *(.signature*)

.stab           0x00000000     0x4170
 *(.stab)
 .stab          0x00000000      0x540 ./MCAL/TIM2/TIMER2_program.o
 .stab          0x00000540      0x4d4 ./MCAL/TIM0/TIMER0_program.o
                                0x4e0 (size before relaxing)
 .stab          0x00000a14      0x1e0 ./MCAL/GIE/GIE.o
                                0x1ec (size before relaxing)
 .stab          0x00000bf4      0x348 ./MCAL/EXTI0/EXTINT0.o
                                0x354 (size before relaxing)
 .stab          0x00000f3c      0x558 ./MCAL/DIO/DIO_progarm.o
                                0x564 (size before relaxing)
 .stab          0x00001494      0x4a4 ./HAL/SEVENSEGMENTS/SEVENSEGMENT.o
                                0x4b0 (size before relaxing)
 .stab          0x00001938       0xfc ./HAL/SEVENSEGMENTS/SEVENSEGMENT_cfg.o
                                0x1bc (size before relaxing)
 .stab          0x00001a34     0x15c0 ./HAL/LCD/LCD.o
                               0x15cc (size before relaxing)
 .stab          0x00002ff4       0xfc ./HAL/LCD/LCD_cfg.o
                                0x1d4 (size before relaxing)
 .stab          0x000030f0      0x390 ./HAL/KEYPAD/KYEPAD.o
                                0x39c (size before relaxing)
 .stab          0x00003480      0xcf0 ./APP/RTC.o
                                0xe88 (size before relaxing)

.stabstr        0x00000000     0x1961
 *(.stabstr)
 .stabstr       0x00000000     0x1961 ./MCAL/TIM2/TIMER2_program.o

.stab.excl
 *(.stab.excl)

.stab.exclstr
 *(.stab.exclstr)

.stab.index
 *(.stab.index)

.stab.indexstr
 *(.stab.indexstr)

.comment
 *(.comment)

.debug
 *(.debug)

.line
 *(.line)

.debug_srcinfo
 *(.debug_srcinfo)

.debug_sfnames
 *(.debug_sfnames)

.debug_aranges  0x00000000      0x140
 *(.debug_aranges)
 .debug_aranges
                0x00000000       0x20 j:/imt/tools/03-imt sdk/03- imt sdk/03- imt sdk/imt_sdk_win_64/winavr/bin/../lib/gcc/avr/4.3.3/avr5\libgcc.a(_fixunssfsi.o)
 .debug_aranges
                0x00000020       0x20 j:/imt/tools/03-imt sdk/03- imt sdk/03- imt sdk/imt_sdk_win_64/winavr/bin/../lib/gcc/avr/4.3.3/avr5\libgcc.a(_addsub_sf.o)
 .debug_aranges
                0x00000040       0x20 j:/imt/tools/03-imt sdk/03- imt sdk/03- imt sdk/imt_sdk_win_64/winavr/bin/../lib/gcc/avr/4.3.3/avr5\libgcc.a(_mul_sf.o)
 .debug_aranges
                0x00000060       0x20 j:/imt/tools/03-imt sdk/03- imt sdk/03- imt sdk/imt_sdk_win_64/winavr/bin/../lib/gcc/avr/4.3.3/avr5\libgcc.a(_gt_sf.o)
 .debug_aranges
                0x00000080       0x20 j:/imt/tools/03-imt sdk/03- imt sdk/03- imt sdk/imt_sdk_win_64/winavr/bin/../lib/gcc/avr/4.3.3/avr5\libgcc.a(_ge_sf.o)
 .debug_aranges
                0x000000a0       0x20 j:/imt/tools/03-imt sdk/03- imt sdk/03- imt sdk/imt_sdk_win_64/winavr/bin/../lib/gcc/avr/4.3.3/avr5\libgcc.a(_lt_sf.o)
 .debug_aranges
                0x000000c0       0x20 j:/imt/tools/03-imt sdk/03- imt sdk/03- imt sdk/imt_sdk_win_64/winavr/bin/../lib/gcc/avr/4.3.3/avr5\libgcc.a(_sf_to_si.o)
 .debug_aranges
                0x000000e0       0x20 j:/imt/tools/03-imt sdk/03- imt sdk/03- imt sdk/imt_sdk_win_64/winavr/bin/../lib/gcc/avr/4.3.3/avr5\libgcc.a(_pack_sf.o)
 .debug_aranges
                0x00000100       0x20 j:/imt/tools/03-imt sdk/03- imt sdk/03- imt sdk/imt_sdk_win_64/winavr/bin/../lib/gcc/avr/4.3.3/avr5\libgcc.a(_unpack_sf.o)
 .debug_aranges
                0x00000120       0x20 j:/imt/tools/03-imt sdk/03- imt sdk/03- imt sdk/imt_sdk_win_64/winavr/bin/../lib/gcc/avr/4.3.3/avr5\libgcc.a(_fpcmp_parts_sf.o)

.debug_pubnames
                0x00000000      0x170
 *(.debug_pubnames)
 .debug_pubnames
                0x00000000       0x23 j:/imt/tools/03-imt sdk/03- imt sdk/03- imt sdk/imt_sdk_win_64/winavr/bin/../lib/gcc/avr/4.3.3/avr5\libgcc.a(_fixunssfsi.o)
 .debug_pubnames
                0x00000023       0x2c j:/imt/tools/03-imt sdk/03- imt sdk/03- imt sdk/imt_sdk_win_64/winavr/bin/../lib/gcc/avr/4.3.3/avr5\libgcc.a(_addsub_sf.o)
 .debug_pubnames
                0x0000004f       0x1f j:/imt/tools/03-imt sdk/03- imt sdk/03- imt sdk/imt_sdk_win_64/winavr/bin/../lib/gcc/avr/4.3.3/avr5\libgcc.a(_mul_sf.o)
 .debug_pubnames
                0x0000006e       0x1e j:/imt/tools/03-imt sdk/03- imt sdk/03- imt sdk/imt_sdk_win_64/winavr/bin/../lib/gcc/avr/4.3.3/avr5\libgcc.a(_gt_sf.o)
 .debug_pubnames
                0x0000008c       0x1e j:/imt/tools/03-imt sdk/03- imt sdk/03- imt sdk/imt_sdk_win_64/winavr/bin/../lib/gcc/avr/4.3.3/avr5\libgcc.a(_ge_sf.o)
 .debug_pubnames
                0x000000aa       0x1e j:/imt/tools/03-imt sdk/03- imt sdk/03- imt sdk/imt_sdk_win_64/winavr/bin/../lib/gcc/avr/4.3.3/avr5\libgcc.a(_lt_sf.o)
 .debug_pubnames
                0x000000c8       0x20 j:/imt/tools/03-imt sdk/03- imt sdk/03- imt sdk/imt_sdk_win_64/winavr/bin/../lib/gcc/avr/4.3.3/avr5\libgcc.a(_sf_to_si.o)
 .debug_pubnames
                0x000000e8       0x22 j:/imt/tools/03-imt sdk/03- imt sdk/03- imt sdk/imt_sdk_win_64/winavr/bin/../lib/gcc/avr/4.3.3/avr5\libgcc.a(_thenan_sf.o)
 .debug_pubnames
                0x0000010a       0x1f j:/imt/tools/03-imt sdk/03- imt sdk/03- imt sdk/imt_sdk_win_64/winavr/bin/../lib/gcc/avr/4.3.3/avr5\libgcc.a(_pack_sf.o)
 .debug_pubnames
                0x00000129       0x21 j:/imt/tools/03-imt sdk/03- imt sdk/03- imt sdk/imt_sdk_win_64/winavr/bin/../lib/gcc/avr/4.3.3/avr5\libgcc.a(_unpack_sf.o)
 .debug_pubnames
                0x0000014a       0x26 j:/imt/tools/03-imt sdk/03- imt sdk/03- imt sdk/imt_sdk_win_64/winavr/bin/../lib/gcc/avr/4.3.3/avr5\libgcc.a(_fpcmp_parts_sf.o)

.debug_info     0x00000000     0x1c49
 *(.debug_info)
 .debug_info    0x00000000       0xb1 j:/imt/tools/03-imt sdk/03- imt sdk/03- imt sdk/imt_sdk_win_64/winavr/bin/../lib/gcc/avr/4.3.3/avr5\libgcc.a(_fixunssfsi.o)
 .debug_info    0x000000b1      0x47a j:/imt/tools/03-imt sdk/03- imt sdk/03- imt sdk/imt_sdk_win_64/winavr/bin/../lib/gcc/avr/4.3.3/avr5\libgcc.a(_addsub_sf.o)
 .debug_info    0x0000052b      0x485 j:/imt/tools/03-imt sdk/03- imt sdk/03- imt sdk/imt_sdk_win_64/winavr/bin/../lib/gcc/avr/4.3.3/avr5\libgcc.a(_mul_sf.o)
 .debug_info    0x000009b0      0x27f j:/imt/tools/03-imt sdk/03- imt sdk/03- imt sdk/imt_sdk_win_64/winavr/bin/../lib/gcc/avr/4.3.3/avr5\libgcc.a(_gt_sf.o)
 .debug_info    0x00000c2f      0x27f j:/imt/tools/03-imt sdk/03- imt sdk/03- imt sdk/imt_sdk_win_64/winavr/bin/../lib/gcc/avr/4.3.3/avr5\libgcc.a(_ge_sf.o)
 .debug_info    0x00000eae      0x27f j:/imt/tools/03-imt sdk/03- imt sdk/03- imt sdk/imt_sdk_win_64/winavr/bin/../lib/gcc/avr/4.3.3/avr5\libgcc.a(_lt_sf.o)
 .debug_info    0x0000112d      0x2b0 j:/imt/tools/03-imt sdk/03- imt sdk/03- imt sdk/imt_sdk_win_64/winavr/bin/../lib/gcc/avr/4.3.3/avr5\libgcc.a(_sf_to_si.o)
 .debug_info    0x000013dd      0x12c j:/imt/tools/03-imt sdk/03- imt sdk/03- imt sdk/imt_sdk_win_64/winavr/bin/../lib/gcc/avr/4.3.3/avr5\libgcc.a(_thenan_sf.o)
 .debug_info    0x00001509      0x2df j:/imt/tools/03-imt sdk/03- imt sdk/03- imt sdk/imt_sdk_win_64/winavr/bin/../lib/gcc/avr/4.3.3/avr5\libgcc.a(_pack_sf.o)
 .debug_info    0x000017e8      0x251 j:/imt/tools/03-imt sdk/03- imt sdk/03- imt sdk/imt_sdk_win_64/winavr/bin/../lib/gcc/avr/4.3.3/avr5\libgcc.a(_unpack_sf.o)
 .debug_info    0x00001a39      0x210 j:/imt/tools/03-imt sdk/03- imt sdk/03- imt sdk/imt_sdk_win_64/winavr/bin/../lib/gcc/avr/4.3.3/avr5\libgcc.a(_fpcmp_parts_sf.o)
 *(.gnu.linkonce.wi.*)

.debug_abbrev   0x00000000      0xeeb
 *(.debug_abbrev)
 .debug_abbrev  0x00000000       0x5d j:/imt/tools/03-imt sdk/03- imt sdk/03- imt sdk/imt_sdk_win_64/winavr/bin/../lib/gcc/avr/4.3.3/avr5\libgcc.a(_fixunssfsi.o)
 .debug_abbrev  0x0000005d      0x1ea j:/imt/tools/03-imt sdk/03- imt sdk/03- imt sdk/imt_sdk_win_64/winavr/bin/../lib/gcc/avr/4.3.3/avr5\libgcc.a(_addsub_sf.o)
 .debug_abbrev  0x00000247      0x21b j:/imt/tools/03-imt sdk/03- imt sdk/03- imt sdk/imt_sdk_win_64/winavr/bin/../lib/gcc/avr/4.3.3/avr5\libgcc.a(_mul_sf.o)
 .debug_abbrev  0x00000462      0x15a j:/imt/tools/03-imt sdk/03- imt sdk/03- imt sdk/imt_sdk_win_64/winavr/bin/../lib/gcc/avr/4.3.3/avr5\libgcc.a(_gt_sf.o)
 .debug_abbrev  0x000005bc      0x15a j:/imt/tools/03-imt sdk/03- imt sdk/03- imt sdk/imt_sdk_win_64/winavr/bin/../lib/gcc/avr/4.3.3/avr5\libgcc.a(_ge_sf.o)
 .debug_abbrev  0x00000716      0x15a j:/imt/tools/03-imt sdk/03- imt sdk/03- imt sdk/imt_sdk_win_64/winavr/bin/../lib/gcc/avr/4.3.3/avr5\libgcc.a(_lt_sf.o)
 .debug_abbrev  0x00000870      0x17f j:/imt/tools/03-imt sdk/03- imt sdk/03- imt sdk/imt_sdk_win_64/winavr/bin/../lib/gcc/avr/4.3.3/avr5\libgcc.a(_sf_to_si.o)
 .debug_abbrev  0x000009ef       0xad j:/imt/tools/03-imt sdk/03- imt sdk/03- imt sdk/imt_sdk_win_64/winavr/bin/../lib/gcc/avr/4.3.3/avr5\libgcc.a(_thenan_sf.o)
 .debug_abbrev  0x00000a9c      0x1c0 j:/imt/tools/03-imt sdk/03- imt sdk/03- imt sdk/imt_sdk_win_64/winavr/bin/../lib/gcc/avr/4.3.3/avr5\libgcc.a(_pack_sf.o)
 .debug_abbrev  0x00000c5c      0x154 j:/imt/tools/03-imt sdk/03- imt sdk/03- imt sdk/imt_sdk_win_64/winavr/bin/../lib/gcc/avr/4.3.3/avr5\libgcc.a(_unpack_sf.o)
 .debug_abbrev  0x00000db0      0x13b j:/imt/tools/03-imt sdk/03- imt sdk/03- imt sdk/imt_sdk_win_64/winavr/bin/../lib/gcc/avr/4.3.3/avr5\libgcc.a(_fpcmp_parts_sf.o)

.debug_line     0x00000000      0xdad
 *(.debug_line)
 .debug_line    0x00000000       0xa7 j:/imt/tools/03-imt sdk/03- imt sdk/03- imt sdk/imt_sdk_win_64/winavr/bin/../lib/gcc/avr/4.3.3/avr5\libgcc.a(_fixunssfsi.o)
 .debug_line    0x000000a7      0x2af j:/imt/tools/03-imt sdk/03- imt sdk/03- imt sdk/imt_sdk_win_64/winavr/bin/../lib/gcc/avr/4.3.3/avr5\libgcc.a(_addsub_sf.o)
 .debug_line    0x00000356      0x239 j:/imt/tools/03-imt sdk/03- imt sdk/03- imt sdk/imt_sdk_win_64/winavr/bin/../lib/gcc/avr/4.3.3/avr5\libgcc.a(_mul_sf.o)
 .debug_line    0x0000058f       0xd3 j:/imt/tools/03-imt sdk/03- imt sdk/03- imt sdk/imt_sdk_win_64/winavr/bin/../lib/gcc/avr/4.3.3/avr5\libgcc.a(_gt_sf.o)
 .debug_line    0x00000662       0xd3 j:/imt/tools/03-imt sdk/03- imt sdk/03- imt sdk/imt_sdk_win_64/winavr/bin/../lib/gcc/avr/4.3.3/avr5\libgcc.a(_ge_sf.o)
 .debug_line    0x00000735       0xd3 j:/imt/tools/03-imt sdk/03- imt sdk/03- imt sdk/imt_sdk_win_64/winavr/bin/../lib/gcc/avr/4.3.3/avr5\libgcc.a(_lt_sf.o)
 .debug_line    0x00000808      0x109 j:/imt/tools/03-imt sdk/03- imt sdk/03- imt sdk/imt_sdk_win_64/winavr/bin/../lib/gcc/avr/4.3.3/avr5\libgcc.a(_sf_to_si.o)
 .debug_line    0x00000911       0x90 j:/imt/tools/03-imt sdk/03- imt sdk/03- imt sdk/imt_sdk_win_64/winavr/bin/../lib/gcc/avr/4.3.3/avr5\libgcc.a(_thenan_sf.o)
 .debug_line    0x000009a1      0x18a j:/imt/tools/03-imt sdk/03- imt sdk/03- imt sdk/imt_sdk_win_64/winavr/bin/../lib/gcc/avr/4.3.3/avr5\libgcc.a(_pack_sf.o)
 .debug_line    0x00000b2b      0x14b j:/imt/tools/03-imt sdk/03- imt sdk/03- imt sdk/imt_sdk_win_64/winavr/bin/../lib/gcc/avr/4.3.3/avr5\libgcc.a(_unpack_sf.o)
 .debug_line    0x00000c76      0x137 j:/imt/tools/03-imt sdk/03- imt sdk/03- imt sdk/imt_sdk_win_64/winavr/bin/../lib/gcc/avr/4.3.3/avr5\libgcc.a(_fpcmp_parts_sf.o)

.debug_frame    0x00000000      0x160
 *(.debug_frame)
 .debug_frame   0x00000000       0x20 j:/imt/tools/03-imt sdk/03- imt sdk/03- imt sdk/imt_sdk_win_64/winavr/bin/../lib/gcc/avr/4.3.3/avr5\libgcc.a(_fixunssfsi.o)
 .debug_frame   0x00000020       0x40 j:/imt/tools/03-imt sdk/03- imt sdk/03- imt sdk/imt_sdk_win_64/winavr/bin/../lib/gcc/avr/4.3.3/avr5\libgcc.a(_addsub_sf.o)
 .debug_frame   0x00000060       0x20 j:/imt/tools/03-imt sdk/03- imt sdk/03- imt sdk/imt_sdk_win_64/winavr/bin/../lib/gcc/avr/4.3.3/avr5\libgcc.a(_mul_sf.o)
 .debug_frame   0x00000080       0x20 j:/imt/tools/03-imt sdk/03- imt sdk/03- imt sdk/imt_sdk_win_64/winavr/bin/../lib/gcc/avr/4.3.3/avr5\libgcc.a(_gt_sf.o)
 .debug_frame   0x000000a0       0x20 j:/imt/tools/03-imt sdk/03- imt sdk/03- imt sdk/imt_sdk_win_64/winavr/bin/../lib/gcc/avr/4.3.3/avr5\libgcc.a(_ge_sf.o)
 .debug_frame   0x000000c0       0x20 j:/imt/tools/03-imt sdk/03- imt sdk/03- imt sdk/imt_sdk_win_64/winavr/bin/../lib/gcc/avr/4.3.3/avr5\libgcc.a(_lt_sf.o)
 .debug_frame   0x000000e0       0x20 j:/imt/tools/03-imt sdk/03- imt sdk/03- imt sdk/imt_sdk_win_64/winavr/bin/../lib/gcc/avr/4.3.3/avr5\libgcc.a(_sf_to_si.o)
 .debug_frame   0x00000100       0x20 j:/imt/tools/03-imt sdk/03- imt sdk/03- imt sdk/imt_sdk_win_64/winavr/bin/../lib/gcc/avr/4.3.3/avr5\libgcc.a(_pack_sf.o)
 .debug_frame   0x00000120       0x20 j:/imt/tools/03-imt sdk/03- imt sdk/03- imt sdk/imt_sdk_win_64/winavr/bin/../lib/gcc/avr/4.3.3/avr5\libgcc.a(_unpack_sf.o)
 .debug_frame   0x00000140       0x20 j:/imt/tools/03-imt sdk/03- imt sdk/03- imt sdk/imt_sdk_win_64/winavr/bin/../lib/gcc/avr/4.3.3/avr5\libgcc.a(_fpcmp_parts_sf.o)

.debug_str      0x00000000      0x28d
 *(.debug_str)
 .debug_str     0x00000000       0xbf j:/imt/tools/03-imt sdk/03- imt sdk/03- imt sdk/imt_sdk_win_64/winavr/bin/../lib/gcc/avr/4.3.3/avr5\libgcc.a(_fixunssfsi.o)
                                 0xfe (size before relaxing)
 .debug_str     0x000000bf      0x14d j:/imt/tools/03-imt sdk/03- imt sdk/03- imt sdk/imt_sdk_win_64/winavr/bin/../lib/gcc/avr/4.3.3/avr5\libgcc.a(_addsub_sf.o)
                                0x206 (size before relaxing)
 .debug_str     0x0000020c       0x27 j:/imt/tools/03-imt sdk/03- imt sdk/03- imt sdk/imt_sdk_win_64/winavr/bin/../lib/gcc/avr/4.3.3/avr5\libgcc.a(_mul_sf.o)
                                0x1bf (size before relaxing)
 .debug_str     0x00000233        0xf j:/imt/tools/03-imt sdk/03- imt sdk/03- imt sdk/imt_sdk_win_64/winavr/bin/../lib/gcc/avr/4.3.3/avr5\libgcc.a(_gt_sf.o)
                                0x195 (size before relaxing)
 .debug_str     0x00000242        0x8 j:/imt/tools/03-imt sdk/03- imt sdk/03- imt sdk/imt_sdk_win_64/winavr/bin/../lib/gcc/avr/4.3.3/avr5\libgcc.a(_ge_sf.o)
                                0x195 (size before relaxing)
 .debug_str     0x0000024a        0x8 j:/imt/tools/03-imt sdk/03- imt sdk/03- imt sdk/imt_sdk_win_64/winavr/bin/../lib/gcc/avr/4.3.3/avr5\libgcc.a(_lt_sf.o)
                                0x195 (size before relaxing)
 .debug_str     0x00000252        0xa j:/imt/tools/03-imt sdk/03- imt sdk/03- imt sdk/imt_sdk_win_64/winavr/bin/../lib/gcc/avr/4.3.3/avr5\libgcc.a(_sf_to_si.o)
                                0x19e (size before relaxing)
 .debug_str     0x00000000      0x103 j:/imt/tools/03-imt sdk/03- imt sdk/03- imt sdk/imt_sdk_win_64/winavr/bin/../lib/gcc/avr/4.3.3/avr5\libgcc.a(_thenan_sf.o)
 .debug_str     0x0000025c       0x16 j:/imt/tools/03-imt sdk/03- imt sdk/03- imt sdk/imt_sdk_win_64/winavr/bin/../lib/gcc/avr/4.3.3/avr5\libgcc.a(_pack_sf.o)
                                0x19d (size before relaxing)
 .debug_str     0x00000272        0xb j:/imt/tools/03-imt sdk/03- imt sdk/03- imt sdk/imt_sdk_win_64/winavr/bin/../lib/gcc/avr/4.3.3/avr5\libgcc.a(_unpack_sf.o)
                                0x17f (size before relaxing)
 .debug_str     0x0000027d       0x10 j:/imt/tools/03-imt sdk/03- imt sdk/03- imt sdk/imt_sdk_win_64/winavr/bin/../lib/gcc/avr/4.3.3/avr5\libgcc.a(_fpcmp_parts_sf.o)
                                0x163 (size before relaxing)

.debug_loc      0x00000000      0x7ce
 *(.debug_loc)
 .debug_loc     0x00000000       0x34 j:/imt/tools/03-imt sdk/03- imt sdk/03- imt sdk/imt_sdk_win_64/winavr/bin/../lib/gcc/avr/4.3.3/avr5\libgcc.a(_fixunssfsi.o)
 .debug_loc     0x00000034      0x32a j:/imt/tools/03-imt sdk/03- imt sdk/03- imt sdk/imt_sdk_win_64/winavr/bin/../lib/gcc/avr/4.3.3/avr5\libgcc.a(_addsub_sf.o)
 .debug_loc     0x0000035e      0x104 j:/imt/tools/03-imt sdk/03- imt sdk/03- imt sdk/imt_sdk_win_64/winavr/bin/../lib/gcc/avr/4.3.3/avr5\libgcc.a(_mul_sf.o)
 .debug_loc     0x00000462       0x3c j:/imt/tools/03-imt sdk/03- imt sdk/03- imt sdk/imt_sdk_win_64/winavr/bin/../lib/gcc/avr/4.3.3/avr5\libgcc.a(_gt_sf.o)
 .debug_loc     0x0000049e       0x3c j:/imt/tools/03-imt sdk/03- imt sdk/03- imt sdk/imt_sdk_win_64/winavr/bin/../lib/gcc/avr/4.3.3/avr5\libgcc.a(_ge_sf.o)
 .debug_loc     0x000004da       0x3c j:/imt/tools/03-imt sdk/03- imt sdk/03- imt sdk/imt_sdk_win_64/winavr/bin/../lib/gcc/avr/4.3.3/avr5\libgcc.a(_lt_sf.o)
 .debug_loc     0x00000516       0x7e j:/imt/tools/03-imt sdk/03- imt sdk/03- imt sdk/imt_sdk_win_64/winavr/bin/../lib/gcc/avr/4.3.3/avr5\libgcc.a(_sf_to_si.o)
 .debug_loc     0x00000594      0x13e j:/imt/tools/03-imt sdk/03- imt sdk/03- imt sdk/imt_sdk_win_64/winavr/bin/../lib/gcc/avr/4.3.3/avr5\libgcc.a(_pack_sf.o)
 .debug_loc     0x000006d2       0xac j:/imt/tools/03-imt sdk/03- imt sdk/03- imt sdk/imt_sdk_win_64/winavr/bin/../lib/gcc/avr/4.3.3/avr5\libgcc.a(_unpack_sf.o)
 .debug_loc     0x0000077e       0x50 j:/imt/tools/03-imt sdk/03- imt sdk/03- imt sdk/imt_sdk_win_64/winavr/bin/../lib/gcc/avr/4.3.3/avr5\libgcc.a(_fpcmp_parts_sf.o)

.debug_macinfo
 *(.debug_macinfo)
OUTPUT(RTC.elf elf32-avr)
LOAD linker stubs

.debug_ranges   0x00000000       0x50
 .debug_ranges  0x00000000       0x50 j:/imt/tools/03-imt sdk/03- imt sdk/03- imt sdk/imt_sdk_win_64/winavr/bin/../lib/gcc/avr/4.3.3/avr5\libgcc.a(_mul_sf.o)
